V3 9
FL C:/Users/Martin/Documents/SistDig/SistDig-TP4/fix_floating_point_files/fixed_float_types_c.vhdl 2016/11/07.10:56:13 P.20131013
PH floatfixlib/fixed_float_types 1531110918 \
      FL C:/Users/Martin/Documents/SistDig/SistDig-TP4/fix_floating_point_files/fixed_float_types_c.vhdl
FL C:/Users/Martin/Documents/SistDig/SistDig-TP4/fix_floating_point_files/fixed_pkg_c.vhdl 2018/07/07.17:55:24 P.20131013
PH floatfixlib/fixed_pkg 1531110919 \
      FL C:/Users/Martin/Documents/SistDig/SistDig-TP4/fix_floating_point_files/fixed_pkg_c.vhdl \
      PB std/TEXTIO 1381692176 PB ieee/std_logic_1164 1381692176 \
      PB ieee/NUMERIC_STD 1381692181 LB floatfixlib \
      PH floatfixlib/fixed_float_types 1531110918
PB floatfixlib/fixed_pkg 1531110920 \
      FL C:/Users/Martin/Documents/SistDig/SistDig-TP4/fix_floating_point_files/fixed_pkg_c.vhdl \
      PH floatfixlib/fixed_pkg 1531110919 PB ieee/MATH_REAL 1381692182
FL C:/Users/Martin/Documents/SistDig/SistDig-TP4/fix_floating_point_files/float_pkg_c.vhdl 2018/07/07.17:55:57 P.20131013
PH floatfixlib/float_pkg 1531110921 \
      FL C:/Users/Martin/Documents/SistDig/SistDig-TP4/fix_floating_point_files/float_pkg_c.vhdl \
      PB std/TEXTIO 1381692176 PB ieee/std_logic_1164 1381692176 \
      PB ieee/NUMERIC_STD 1381692181 LB floatfixlib \
      PH floatfixlib/fixed_float_types 1531110918 PB floatfixlib/fixed_pkg 1531110920
PB floatfixlib/float_pkg 1531110922 \
      FL C:/Users/Martin/Documents/SistDig/SistDig-TP4/fix_floating_point_files/float_pkg_c.vhdl \
      PH floatfixlib/float_pkg 1531110921
