V3 11
FL C:/Users/Martin/Documents/SistDig/SistDig-TP4/ram_interna.vhd 2018/07/09.01:15:08 P.20131013
EN work/ram_interna 1531110925 \
      FL C:/Users/Martin/Documents/SistDig/SistDig-TP4/ram_interna.vhd \
      PB ieee/std_logic_1164 1381692176 PB ieee/NUMERIC_STD 1381692181 \
      PB work/cordic_lib 1531110924 LB floatfixlib PB floatfixlib/float_pkg 1531110922
AR work/ram_interna/ram_interna_arq 1531110926 \
      FL C:/Users/Martin/Documents/SistDig/SistDig-TP4/ram_interna.vhd \
      EN work/ram_interna 1531110925
FL C:/Users/Martin/Documents/SistDig/SistDig-TP4/rotador/cordic_lib.vhd 2018/07/09.00:44:56 P.20131013
PH work/cordic_lib 1531110923 \
      FL C:/Users/Martin/Documents/SistDig/SistDig-TP4/rotador/cordic_lib.vhd \
      PB ieee/std_logic_1164 1381692176 LB floatfixlib PB floatfixlib/float_pkg 1531110922
PB work/cordic_lib 1531110924 \
      FL C:/Users/Martin/Documents/SistDig/SistDig-TP4/rotador/cordic_lib.vhd \
      PH work/cordic_lib 1531110923
FL C:/Users/Martin/Documents/SistDig/SistDig-TP4/testers/tester_ram_interna.vhd 2018/07/09.01:07:25 P.20131013
EN work/tester_ram_interna 1531110927 \
      FL C:/Users/Martin/Documents/SistDig/SistDig-TP4/testers/tester_ram_interna.vhd \
      PB ieee/std_logic_1164 1381692176 PB ieee/NUMERIC_STD 1381692181 \
      PB work/cordic_lib 1531110924 LB floatfixlib PB floatfixlib/float_pkg 1531110922
AR work/tester_ram_interna/tester_ram_interna_arq 1531110928 \
      FL C:/Users/Martin/Documents/SistDig/SistDig-TP4/testers/tester_ram_interna.vhd \
      EN work/tester_ram_interna 1531110927 CP work/ram_interna
