EN video_ram NULL C:/Users/Martin/Documents/SistDig/SistDig-TP4/reh/video_ram/video_ram.vhd sub00/vhpl33 1533682723
EN pos_loader NULL C:/Users/Martin/Documents/SistDig/SistDig-TP4/reh/ext_ram/pos_loader.vhd sub00/vhpl29 1533682719
AR barrel_shifternb barrel_shifternb_arq C:/Users/Martin/Documents/SistDig/SistDig-TP4/reh/comps/barrel_shifterNb.vhd sub00/vhpl06 1533682696
AR pos_rotator pos_rotator_arq C:/Users/Martin/Documents/SistDig/SistDig-TP4/reh/pos_rotator.vhd sub00/vhpl32 1533682722
EN ffd_serie NULL C:/Users/Martin/Documents/SistDig/SistDig-TP4/reh/comps/ffd_serie.vhd sub00/vhpl27 1533682717
AR video_ram video_ram_arq C:/Users/Martin/Documents/SistDig/SistDig-TP4/reh/video_ram/video_ram.vhd sub00/vhpl34 1533682724
AR tp4 tp4_arq C:/Users/Martin/Documents/SistDig/SistDig-TP4/reh/tp4.vhd sub00/vhpl42 1533682732
AR clear_video_ram clear_video_ram_arch C:/Users/Martin/Documents/SistDig/SistDig-TP4/reh/video_ram/clear_video_ram.vhd sub00/vhpl24 1533682714
EN vga_ctrl NULL C:/Users/Martin/Documents/SistDig/SistDig-TP4/reh/VGActrl.vhd sub00/vhpl35 1533682725
EN tp4 NULL C:/Users/Martin/Documents/SistDig/SistDig-TP4/reh/tp4.vhd sub00/vhpl41 1533682731
EN registronb NULL C:/Users/Martin/Documents/SistDig/SistDig-TP4/reh/comps/registroNb.vhd sub00/vhpl02 1533682692
EN memorycontroller NULL C:/Users/Martin/Documents/SistDig/SistDig-TP4/reh/ext_ram/MemoryController.vhd sub00/vhpl39 1533682729
AR uart uart_arq C:/Users/Martin/Documents/SistDig/SistDig-TP4/reh/uart/uart.vhd sub00/vhpl38 1533682728
AR memorycontroller behavioral C:/Users/Martin/Documents/SistDig/SistDig-TP4/reh/ext_ram/MemoryController.vhd sub00/vhpl40 1533682730
AR receive arch C:/Users/Martin/Documents/SistDig/SistDig-TP4/reh/uart/receive.vhd sub00/vhpl08 1533682698
EN ffd NULL C:/Users/Martin/Documents/SistDig/SistDig-TP4/reh/comps/ffd.vhd sub00/vhpl00 1533682690
AR vga_ctrl vga_ctrl_arq C:/Users/Martin/Documents/SistDig/SistDig-TP4/reh/VGActrl.vhd sub00/vhpl36 1533682726
AR global_ctrl global_ctrl_arq C:/Users/Martin/Documents/SistDig/SistDig-TP4/reh/ctrl_global.vhd sub00/vhpl22 1533682712
EN cordic NULL C:/Users/Martin/Documents/SistDig/SistDig-TP4/reh/cordic/cordic.vhd sub00/vhpl15 1533682705
AR registronb registronb_arq C:/Users/Martin/Documents/SistDig/SistDig-TP4/reh/comps/registroNb.vhd sub00/vhpl03 1533682693
AR transmit arch C:/Users/Martin/Documents/SistDig/SistDig-TP4/reh/uart/transmit.vhd sub00/vhpl10 1533682700
EN counter NULL C:/Users/Martin/Documents/SistDig/SistDig-TP4/reh/comps/counter.vhd sub00/vhpl19 1533682709
AR delay_reg delay_arch C:/Users/Martin/Documents/SistDig/SistDig-TP4/reh/comps/delay.vhd sub00/vhpl18 1533682708
AR dual_port_ram dual_port_ram_arq C:/Users/Martin/Documents/SistDig/SistDig-TP4/reh/video_ram/dual_port_ram.vhd sub00/vhpl14 1533682704
EN global_ctrl NULL C:/Users/Martin/Documents/SistDig/SistDig-TP4/reh/ctrl_global.vhd sub00/vhpl21 1533682711
EN extram_loader NULL C:/Users/Martin/Documents/SistDig/SistDig-TP4/reh/ext_ram/extRam_loader.vhd sub00/vhpl25 1533682715
AR timing timing_arq C:/Users/Martin/Documents/SistDig/SistDig-TP4/reh/uart/timing.vhd sub00/vhpl12 1533682702
PH cordic_lib NULL C:/Users/Martin/Documents/SistDig/SistDig-TP4/reh/cordic/cordic_lib.vhd sub00/vhpl04 1533682694
EN barrel_shifternb NULL C:/Users/Martin/Documents/SistDig/SistDig-TP4/reh/comps/barrel_shifterNb.vhd sub00/vhpl05 1533682695
EN dual_port_ram NULL C:/Users/Martin/Documents/SistDig/SistDig-TP4/reh/video_ram/dual_port_ram.vhd sub00/vhpl13 1533682703
AR extram_loader extram_loader_arq C:/Users/Martin/Documents/SistDig/SistDig-TP4/reh/ext_ram/extRam_loader.vhd sub00/vhpl26 1533682716
EN receive NULL C:/Users/Martin/Documents/SistDig/SistDig-TP4/reh/uart/receive.vhd sub00/vhpl07 1533682697
EN timing NULL C:/Users/Martin/Documents/SistDig/SistDig-TP4/reh/uart/timing.vhd sub00/vhpl11 1533682701
EN delay_reg NULL C:/Users/Martin/Documents/SistDig/SistDig-TP4/reh/comps/delay.vhd sub00/vhpl17 1533682707
AR cordic cordic_arq C:/Users/Martin/Documents/SistDig/SistDig-TP4/reh/cordic/cordic.vhd sub00/vhpl16 1533682706
AR ffd_serie ffd_serie_arq C:/Users/Martin/Documents/SistDig/SistDig-TP4/reh/comps/ffd_serie.vhd sub00/vhpl28 1533682718
AR counter counter_arch C:/Users/Martin/Documents/SistDig/SistDig-TP4/reh/comps/counter.vhd sub00/vhpl20 1533682710
EN uart NULL C:/Users/Martin/Documents/SistDig/SistDig-TP4/reh/uart/uart.vhd sub00/vhpl37 1533682727
EN clear_video_ram NULL C:/Users/Martin/Documents/SistDig/SistDig-TP4/reh/video_ram/clear_video_ram.vhd sub00/vhpl23 1533682713
AR ffd ffd_arq C:/Users/Martin/Documents/SistDig/SistDig-TP4/reh/comps/ffd.vhd sub00/vhpl01 1533682691
EN transmit NULL C:/Users/Martin/Documents/SistDig/SistDig-TP4/reh/uart/transmit.vhd sub00/vhpl09 1533682699
EN pos_rotator NULL C:/Users/Martin/Documents/SistDig/SistDig-TP4/reh/pos_rotator.vhd sub00/vhpl31 1533682721
AR pos_loader pos_loader_arq C:/Users/Martin/Documents/SistDig/SistDig-TP4/reh/ext_ram/pos_loader.vhd sub00/vhpl30 1533682720
