V3 85
FL C:/Users/Martin/Documents/SistDig/SistDig-TP4/reh/comps/barrel_shifterNb.vhd 2018/08/05.01:07:50 P.20131013
EN work/barrel_shifterNb 1533682695 \
      FL C:/Users/Martin/Documents/SistDig/SistDig-TP4/reh/comps/barrel_shifterNb.vhd \
      PB ieee/std_logic_1164 1381692176
AR work/barrel_shifterNb/barrel_shifterNb_arq 1533682696 \
      FL C:/Users/Martin/Documents/SistDig/SistDig-TP4/reh/comps/barrel_shifterNb.vhd \
      EN work/barrel_shifterNb 1533682695
FL C:/Users/Martin/Documents/SistDig/SistDig-TP4/reh/comps/counter.vhd 2018/08/04.17:35:22 P.20131013
EN work/counter 1533682709 \
      FL C:/Users/Martin/Documents/SistDig/SistDig-TP4/reh/comps/counter.vhd \
      PB ieee/std_logic_1164 1381692176 PB ieee/NUMERIC_STD 1381692181
AR work/counter/counter_arch 1533682710 \
      FL C:/Users/Martin/Documents/SistDig/SistDig-TP4/reh/comps/counter.vhd \
      EN work/counter 1533682709
FL C:/Users/Martin/Documents/SistDig/SistDig-TP4/reh/comps/delay.vhd 2018/08/05.00:32:16 P.20131013
EN work/delay_reg 1533682707 \
      FL C:/Users/Martin/Documents/SistDig/SistDig-TP4/reh/comps/delay.vhd \
      PB ieee/std_logic_1164 1381692176 PB ieee/NUMERIC_STD 1381692181
AR work/delay_reg/delay_arch 1533682708 \
      FL C:/Users/Martin/Documents/SistDig/SistDig-TP4/reh/comps/delay.vhd \
      EN work/delay_reg 1533682707 CP work/registroNb
FL C:/Users/Martin/Documents/SistDig/SistDig-TP4/reh/comps/ffd.vhd 2018/07/30.12:20:46 P.20131013
EN work/ffd 1533682690 \
      FL C:/Users/Martin/Documents/SistDig/SistDig-TP4/reh/comps/ffd.vhd \
      PB ieee/std_logic_1164 1381692176
AR work/ffd/ffd_arq 1533682691 \
      FL C:/Users/Martin/Documents/SistDig/SistDig-TP4/reh/comps/ffd.vhd \
      EN work/ffd 1533682690
FL C:/Users/Martin/Documents/SistDig/SistDig-TP4/reh/comps/ffd_serie.vhd 2018/08/05.01:14:33 P.20131013
EN work/ffd_serie 1533682717 \
      FL C:/Users/Martin/Documents/SistDig/SistDig-TP4/reh/comps/ffd_serie.vhd \
      PB ieee/std_logic_1164 1381692176 PB ieee/NUMERIC_STD 1381692181
AR work/ffd_serie/ffd_serie_arq 1533682718 \
      FL C:/Users/Martin/Documents/SistDig/SistDig-TP4/reh/comps/ffd_serie.vhd \
      EN work/ffd_serie 1533682717 CP work/ffd
FL C:/Users/Martin/Documents/SistDig/SistDig-TP4/reh/comps/registroNb.vhd 2018/08/04.17:14:10 P.20131013
EN work/registroNb 1533682692 \
      FL C:/Users/Martin/Documents/SistDig/SistDig-TP4/reh/comps/registroNb.vhd \
      PB ieee/std_logic_1164 1381692176
AR work/registroNb/registroNb_arq 1533682693 \
      FL C:/Users/Martin/Documents/SistDig/SistDig-TP4/reh/comps/registroNb.vhd \
      EN work/registroNb 1533682692 CP work/ffd
FL C:/Users/Martin/Documents/SistDig/SistDig-TP4/reh/cordic/cordic.vhd 2018/08/05.02:17:48 P.20131013
EN work/cordic 1533682705 \
      FL C:/Users/Martin/Documents/SistDig/SistDig-TP4/reh/cordic/cordic.vhd \
      PB ieee/std_logic_1164 1381692176 PB ieee/NUMERIC_STD 1381692181 \
      PB ieee/MATH_REAL 1381692182 PH work/cordic_lib 1533682694
AR work/cordic/cordic_arq 1533682706 \
      FL C:/Users/Martin/Documents/SistDig/SistDig-TP4/reh/cordic/cordic.vhd \
      EN work/cordic 1533682705 CP work/registroNb CP work/barrel_shifterNb \
      CP work/ffd
FL C:/Users/Martin/Documents/SistDig/SistDig-TP4/reh/cordic/cordic_lib.vhd 2018/08/05.01:38:42 P.20131013
PH work/cordic_lib 1533682694 \
      FL C:/Users/Martin/Documents/SistDig/SistDig-TP4/reh/cordic/cordic_lib.vhd \
      PB ieee/std_logic_1164 1381692176 PB ieee/NUMERIC_STD 1381692181
FL C:/Users/Martin/Documents/SistDig/SistDig-TP4/reh/ctrl_global.vhd 2018/08/05.01:31:29 P.20131013
EN work/global_ctrl 1533682711 \
      FL C:/Users/Martin/Documents/SistDig/SistDig-TP4/reh/ctrl_global.vhd \
      PB ieee/std_logic_1164 1381692176 PB ieee/NUMERIC_STD 1381692181
AR work/global_ctrl/global_ctrl_arq 1533682712 \
      FL C:/Users/Martin/Documents/SistDig/SistDig-TP4/reh/ctrl_global.vhd \
      EN work/global_ctrl 1533682711
FL C:/Users/Martin/Documents/SistDig/SistDig-TP4/reh/ext_ram/extRam_loader.vhd 2018/08/04.16:20:09 P.20131013
EN work/extRam_loader 1533682715 \
      FL C:/Users/Martin/Documents/SistDig/SistDig-TP4/reh/ext_ram/extRam_loader.vhd \
      PB ieee/std_logic_1164 1381692176
AR work/extRam_loader/extRam_loader_arq 1533682716 \
      FL C:/Users/Martin/Documents/SistDig/SistDig-TP4/reh/ext_ram/extRam_loader.vhd \
      EN work/extRam_loader 1533682715
FL C:/Users/Martin/Documents/SistDig/SistDig-TP4/reh/ext_ram/MemoryController.vhd 2018/08/05.01:15:04 P.20131013
EN work/MemoryController 1533682729 \
      FL C:/Users/Martin/Documents/SistDig/SistDig-TP4/reh/ext_ram/MemoryController.vhd \
      PB ieee/std_logic_1164 1381692176
AR work/MemoryController/Behavioral 1533682730 \
      FL C:/Users/Martin/Documents/SistDig/SistDig-TP4/reh/ext_ram/MemoryController.vhd \
      EN work/MemoryController 1533682729
FL C:/Users/Martin/Documents/SistDig/SistDig-TP4/reh/ext_ram/pos_loader.vhd 2018/08/07.19:39:43 P.20131013
EN work/pos_loader 1533682719 \
      FL C:/Users/Martin/Documents/SistDig/SistDig-TP4/reh/ext_ram/pos_loader.vhd \
      PB ieee/std_logic_1164 1381692176
AR work/pos_loader/pos_loader_arq 1533682720 \
      FL C:/Users/Martin/Documents/SistDig/SistDig-TP4/reh/ext_ram/pos_loader.vhd \
      EN work/pos_loader 1533682719
FL C:/Users/Martin/Documents/SistDig/SistDig-TP4/reh/pos_rotator.vhd 2018/08/05.01:17:52 P.20131013
EN work/pos_rotator 1533682721 \
      FL C:/Users/Martin/Documents/SistDig/SistDig-TP4/reh/pos_rotator.vhd \
      PB ieee/std_logic_1164 1381692176
AR work/pos_rotator/pos_rotator_arq 1533682722 \
      FL C:/Users/Martin/Documents/SistDig/SistDig-TP4/reh/pos_rotator.vhd \
      EN work/pos_rotator 1533682721 CP work/registroNb CP work/cordic \
      CP work/delay_reg
FL C:/Users/Martin/Documents/SistDig/SistDig-TP4/reh/tp4.vhd 2018/08/07.19:52:01 P.20131013
EN work/tp4 1533682731 \
      FL C:/Users/Martin/Documents/SistDig/SistDig-TP4/reh/tp4.vhd \
      PB ieee/std_logic_1164 1381692176 PB ieee/NUMERIC_STD 1381692181
AR work/tp4/tp4_arq 1533682732 \
      FL C:/Users/Martin/Documents/SistDig/SistDig-TP4/reh/tp4.vhd EN work/tp4 1533682731 \
      CP work/global_ctrl CP work/clear_video_ram CP work/extRam_loader \
      CP work/ffd_serie CP work/counter CP work/pos_loader CP work/ffd \
      CP work/pos_rotator CP work/video_ram CP work/vga_ctrl CP work/uart \
      CP work/MemoryController
FL C:/Users/Martin/Documents/SistDig/SistDig-TP4/reh/uart/receive.vhd 2018/08/07.19:37:22 P.20131013
EN work/receive 1533682697 \
      FL C:/Users/Martin/Documents/SistDig/SistDig-TP4/reh/uart/receive.vhd \
      PB ieee/std_logic_1164 1381692176 PB ieee/NUMERIC_STD 1381692181
AR work/receive/arch 1533682698 \
      FL C:/Users/Martin/Documents/SistDig/SistDig-TP4/reh/uart/receive.vhd \
      EN work/receive 1533682697
FL C:/Users/Martin/Documents/SistDig/SistDig-TP4/reh/uart/timing.vhd 2018/08/05.00:02:21 P.20131013
EN work/timing 1533682701 \
      FL C:/Users/Martin/Documents/SistDig/SistDig-TP4/reh/uart/timing.vhd \
      PB ieee/std_logic_1164 1381692176 PB ieee/NUMERIC_STD 1381692181 \
      PB ieee/STD_LOGIC_UNSIGNED 1381692179
AR work/timing/timing_arq 1533682702 \
      FL C:/Users/Martin/Documents/SistDig/SistDig-TP4/reh/uart/timing.vhd \
      EN work/timing 1533682701
FL C:/Users/Martin/Documents/SistDig/SistDig-TP4/reh/uart/transmit.vhd 2018/08/05.00:07:29 P.20131013
EN work/transmit 1533682699 \
      FL C:/Users/Martin/Documents/SistDig/SistDig-TP4/reh/uart/transmit.vhd \
      PB ieee/std_logic_1164 1381692176 PB ieee/NUMERIC_STD 1381692181
AR work/transmit/arch 1533682700 \
      FL C:/Users/Martin/Documents/SistDig/SistDig-TP4/reh/uart/transmit.vhd \
      EN work/transmit 1533682699
FL C:/Users/Martin/Documents/SistDig/SistDig-TP4/reh/uart/uart.vhd 2018/08/05.00:36:58 P.20131013
EN work/uart 1533682727 \
      FL C:/Users/Martin/Documents/SistDig/SistDig-TP4/reh/uart/uart.vhd \
      PB ieee/std_logic_1164 1381692176 PB ieee/NUMERIC_STD 1381692181
AR work/uart/uart_arq 1533682728 \
      FL C:/Users/Martin/Documents/SistDig/SistDig-TP4/reh/uart/uart.vhd \
      EN work/uart 1533682727 CP work/receive CP work/transmit CP work/timing
FL C:/Users/Martin/Documents/SistDig/SistDig-TP4/reh/VGActrl.vhd 2018/08/05.00:28:45 P.20131013
EN work/vga_ctrl 1533682725 \
      FL C:/Users/Martin/Documents/SistDig/SistDig-TP4/reh/VGActrl.vhd \
      PB ieee/std_logic_1164 1381692176 PB ieee/NUMERIC_STD 1381692181
AR work/vga_ctrl/vga_ctrl_arq 1533682726 \
      FL C:/Users/Martin/Documents/SistDig/SistDig-TP4/reh/VGActrl.vhd \
      EN work/vga_ctrl 1533682725
FL C:/Users/Martin/Documents/SistDig/SistDig-TP4/reh/video_ram/clear_video_ram.vhd 2018/08/05.00:37:07 P.20131013
EN work/clear_video_ram 1533682713 \
      FL C:/Users/Martin/Documents/SistDig/SistDig-TP4/reh/video_ram/clear_video_ram.vhd \
      PB ieee/std_logic_1164 1381692176
AR work/clear_video_ram/clear_video_ram_arch 1533682714 \
      FL C:/Users/Martin/Documents/SistDig/SistDig-TP4/reh/video_ram/clear_video_ram.vhd \
      EN work/clear_video_ram 1533682713 CP work/counter
FL C:/Users/Martin/Documents/SistDig/SistDig-TP4/reh/video_ram/dual_port_ram.vhd 2018/08/07.19:50:39 P.20131013
EN work/dual_port_ram 1533682703 \
      FL C:/Users/Martin/Documents/SistDig/SistDig-TP4/reh/video_ram/dual_port_ram.vhd \
      PB ieee/std_logic_1164 1381692176 PB ieee/NUMERIC_STD 1381692181
AR work/dual_port_ram/dual_port_ram_arq 1533682704 \
      FL C:/Users/Martin/Documents/SistDig/SistDig-TP4/reh/video_ram/dual_port_ram.vhd \
      EN work/dual_port_ram 1533682703
FL C:/Users/Martin/Documents/SistDig/SistDig-TP4/reh/video_ram/video_ram.vhd 2018/08/05.00:37:15 P.20131013
EN work/video_ram 1533682723 \
      FL C:/Users/Martin/Documents/SistDig/SistDig-TP4/reh/video_ram/video_ram.vhd \
      PB ieee/std_logic_1164 1381692176 PB ieee/NUMERIC_STD 1381692181
AR work/video_ram/video_ram_arq 1533682724 \
      FL C:/Users/Martin/Documents/SistDig/SistDig-TP4/reh/video_ram/video_ram.vhd \
      EN work/video_ram 1533682723 CP work/dual_port_ram
