EN video_ram NULL C:/Users/Martin/Documents/SistDig/SistDig-TP4/Video_RAM/video_ram.vhd sub00/vhpl23 1532538652
AR tp4 tp4_arq C:/Users/Martin/Documents/SistDig/SistDig-TP4/tp4.vhd sub00/vhpl28 1532538657
EN gen_dirs NULL C:/Users/Martin/Documents/SistDig/SistDig-TP4/rotador/gen_dirs.vhd sub00/vhpl21 1532538650
PH uart_comps NULL C:/Users/Martin/Documents/SistDig/SistDig-TP4/UART/data_adq/uart_comps.vhd sub00/vhpl00 1532538629
EN vga_ctrl NULL C:/Users/Martin/Documents/SistDig/SistDig-TP4/VGActrl.vhd sub00/vhpl25 1532538654
AR data_loader data_loader_arch C:/Users/Martin/Documents/SistDig/SistDig-TP4/UART/data_adq/data_loader.vhd sub00/vhpl14 1532538643
EN tp4 NULL C:/Users/Martin/Documents/SistDig/SistDig-TP4/tp4.vhd sub00/vhpl27 1532538656
EN ram_interna NULL C:/Users/Martin/Documents/SistDig/SistDig-TP4/ram_interna.vhd sub00/vhpl17 1532538646
AR receive arch C:/Users/Martin/Documents/SistDig/SistDig-TP4/UART/data_adq/receive.vhd sub00/vhpl02 1532538631
AR vga_ctrl vga_ctrl_arq C:/Users/Martin/Documents/SistDig/SistDig-TP4/VGActrl.vhd sub00/vhpl26 1532538655
AR timing timing C:/Users/Martin/Documents/SistDig/SistDig-TP4/UART/data_adq/timing.vhd sub00/vhpl06 1532538635
AR dual_port_ram dual_port_ram_arch C:/Users/Martin/Documents/SistDig/SistDig-TP4/Video_RAM/dual_port_ram.vhd sub00/vhpl08 1532538637
AR video_ram video_ram_arch C:/Users/Martin/Documents/SistDig/SistDig-TP4/Video_RAM/video_ram.vhd sub00/vhpl24 1532538653
AR transmit arch C:/Users/Martin/Documents/SistDig/SistDig-TP4/UART/data_adq/transmit.vhd sub00/vhpl04 1532538633
AR gen_dirs gen_dirs_arq C:/Users/Martin/Documents/SistDig/SistDig-TP4/rotador/gen_dirs.vhd sub00/vhpl22 1532538651
AR ram_interna ram_interna_arq C:/Users/Martin/Documents/SistDig/SistDig-TP4/ram_interna.vhd sub00/vhpl18 1532538647
EN data_acq_unit NULL C:/Users/Martin/Documents/SistDig/SistDig-TP4/UART/data_adq/data_capture_module.vhd sub00/vhpl15 1532538644
EN data_loader NULL C:/Users/Martin/Documents/SistDig/SistDig-TP4/UART/data_adq/data_loader.vhd sub00/vhpl13 1532538642
AR data_acq_unit arch C:/Users/Martin/Documents/SistDig/SistDig-TP4/UART/data_adq/data_capture_module.vhd sub00/vhpl16 1532538645
PH cordic_lib NULL C:/Users/Martin/Documents/SistDig/SistDig-TP4/rotador/cordic_lib.vhd sub00/vhpl09 1532538638
PB cordic_lib cordic_lib C:/Users/Martin/Documents/SistDig/SistDig-TP4/rotador/cordic_lib.vhd sub00/vhpl10 1532538639
EN dual_port_ram NULL C:/Users/Martin/Documents/SistDig/SistDig-TP4/Video_RAM/dual_port_ram.vhd sub00/vhpl07 1532538636
EN receive NULL C:/Users/Martin/Documents/SistDig/SistDig-TP4/UART/data_adq/receive.vhd sub00/vhpl01 1532538630
AR uart arch C:/Users/Martin/Documents/SistDig/SistDig-TP4/UART/data_adq/uart.vhd sub00/vhpl12 1532538641
EN timing NULL C:/Users/Martin/Documents/SistDig/SistDig-TP4/UART/data_adq/timing.vhd sub00/vhpl05 1532538634
EN uart NULL C:/Users/Martin/Documents/SistDig/SistDig-TP4/UART/data_adq/uart.vhd sub00/vhpl11 1532538640
EN transmit NULL C:/Users/Martin/Documents/SistDig/SistDig-TP4/UART/data_adq/transmit.vhd sub00/vhpl03 1532538632
EN det_angulos NULL C:/Users/Martin/Documents/SistDig/SistDig-TP4/det_angulos.vhd sub00/vhpl19 1532538648
AR det_angulos det_angulos_arq C:/Users/Martin/Documents/SistDig/SistDig-TP4/det_angulos.vhd sub00/vhpl20 1532538649
