--------------------------------------------------------------------------------
Release 14.7 Trace  (nt64)
Copyright (c) 1995-2013 Xilinx, Inc.  All rights reserved.

C:\Xilinx\14.7\ISE_DS\ISE\bin\nt64\unwrapped\trce.exe -intstyle ise -v 3 -s 5
-n 3 -fastpaths -xml tp4.twx tp4.ncd -o tp4.twr tp4.pcf

Design file:              tp4.ncd
Physical constraint file: tp4.pcf
Device,package,speed:     xc3s500e,fg320,-5 (PRODUCTION 1.27 2013-10-13)
Report level:             verbose report

Environment Variable      Effect 
--------------------      ------ 
NONE                      No environment variables were set
--------------------------------------------------------------------------------

INFO:Timing:2698 - No timing constraints found, doing default enumeration.
INFO:Timing:3412 - To improve timing, see the Timing Closure User Guide (UG612).
INFO:Timing:2752 - To get complete path coverage, use the unconstrained paths 
   option. All paths that are not constrained will be reported in the 
   unconstrained paths section(s) of the report.
INFO:Timing:3339 - The clock-to-out numbers in this timing report are based on 
   a 50 Ohm transmission line loading model.  For the details of this model, 
   and for more information on accounting for different loading conditions, 
   please see the device datasheet.
INFO:Timing:3390 - This architecture does not support a default System Jitter 
   value, please add SYSTEM_JITTER constraint to the UCF to modify the Clock 
   Uncertainty calculation.
INFO:Timing:3389 - This architecture does not support 'Discrete Jitter' and 
   'Phase Error' calculations, these terms will be zero in the Clock 
   Uncertainty calculation.  Please make appropriate modification to 
   SYSTEM_JITTER to account for the unsupported Discrete Jitter and Phase 
   Error.



Data Sheet report:
-----------------
All values displayed in nanoseconds (ns)

Clock clk_i to Pad
------------+------------+------------------+--------+
            | clk (edge) |                  | Clock  |
Destination |   to PAD   |Internal Clock(s) | Phase  |
------------+------------+------------------+--------+
blu_o<0>    |   12.275(R)|clk_i_BUFGP       |   0.000|
blu_o<1>    |   12.527(R)|clk_i_BUFGP       |   0.000|
grn_o<0>    |   11.780(R)|clk_i_BUFGP       |   0.000|
grn_o<1>    |   12.023(R)|clk_i_BUFGP       |   0.000|
grn_o<2>    |   12.033(R)|clk_i_BUFGP       |   0.000|
hs          |   11.662(R)|clk_i_BUFGP       |   0.000|
red_o<0>    |   12.680(R)|clk_i_BUFGP       |   0.000|
red_o<1>    |   12.021(R)|clk_i_BUFGP       |   0.000|
red_o<2>    |   12.264(R)|clk_i_BUFGP       |   0.000|
vs          |   11.031(R)|clk_i_BUFGP       |   0.000|
------------+------------+------------------+--------+

Clock to Setup on destination clock clk_i
---------------+---------+---------+---------+---------+
               | Src:Rise| Src:Fall| Src:Rise| Src:Fall|
Source Clock   |Dest:Rise|Dest:Rise|Dest:Fall|Dest:Fall|
---------------+---------+---------+---------+---------+
clk_i          |    4.115|         |         |         |
---------------+---------+---------+---------+---------+


Analysis completed Wed Jul 25 14:15:14 2018 
--------------------------------------------------------------------------------

Trace Settings:
-------------------------
Trace Settings 

Peak Memory Usage: 167 MB



