PB fixed_pkg fixed_pkg C:/Users/Martin/Documents/SistDig/SistDig-TP4/fix_floating_point_files/fixed_pkg_c.vhdl sub00/vhpl02 1532538626
PH fixed_pkg NULL C:/Users/Martin/Documents/SistDig/SistDig-TP4/fix_floating_point_files/fixed_pkg_c.vhdl sub00/vhpl01 1532538625
PB float_pkg float_pkg C:/Users/Martin/Documents/SistDig/SistDig-TP4/fix_floating_point_files/float_pkg_c.vhdl sub00/vhpl04 1532538628
PH float_pkg NULL C:/Users/Martin/Documents/SistDig/SistDig-TP4/fix_floating_point_files/float_pkg_c.vhdl sub00/vhpl03 1532538627
PH fixed_float_types NULL C:/Users/Martin/Documents/SistDig/SistDig-TP4/fix_floating_point_files/fixed_float_types_c.vhdl sub00/vhpl00 1532538624
