PB fixed_pkg fixed_pkg C:/Users/Martin/Documents/SistDig/SistDig-TP4/fix_floating_point_files/fixed_pkg_c.vhdl sub00/vhpl02 1533680709
PH fixed_pkg NULL C:/Users/Martin/Documents/SistDig/SistDig-TP4/fix_floating_point_files/fixed_pkg_c.vhdl sub00/vhpl01 1533680708
PB float_pkg float_pkg C:/Users/Martin/Documents/SistDig/SistDig-TP4/fix_floating_point_files/float_pkg_c.vhdl sub00/vhpl04 1533680711
PH float_pkg NULL C:/Users/Martin/Documents/SistDig/SistDig-TP4/fix_floating_point_files/float_pkg_c.vhdl sub00/vhpl03 1533680710
PH fixed_float_types NULL C:/Users/Martin/Documents/SistDig/SistDig-TP4/fix_floating_point_files/fixed_float_types_c.vhdl sub00/vhpl00 1533680693
